==============================================================
考验 BINAH 生成时等级规则 · 行为真值表探针
==============================================================

--- ① 不开 BINAH：一切照旧（回归基线）---
  [OK]   Dungeon.trials=0 时 isTrialled(BINAH) 为 false
  [OK]   不开：武器 等级 +0 诅咒=false -> +0（期望 +0）
  [OK]   不开：护甲 等级 +0 诅咒=false -> +0（期望 +0）
  [OK]   不开：法杖 等级 +0 诅咒=false -> +0（期望 +0）
  [OK]   不开：投掷 等级 +0 诅咒=false -> +0（期望 +0）
  [OK]   不开：戒指 等级 +0 诅咒=false -> +0（期望 +0）
  [OK]   不开：武器 等级 +1 诅咒=false -> +1（期望 +1）
  [OK]   不开：护甲 等级 +1 诅咒=false -> +1（期望 +1）
  [OK]   不开：法杖 等级 +1 诅咒=false -> +1（期望 +1）
  [OK]   不开：投掷 等级 +1 诅咒=false -> +1（期望 +1）
  [OK]   不开：戒指 等级 +1 诅咒=false -> +1（期望 +1）
  [OK]   不开：武器 等级 +2 诅咒=false -> +2（期望 +2）
  [OK]   不开：护甲 等级 +2 诅咒=false -> +2（期望 +2）
  [OK]   不开：法杖 等级 +2 诅咒=false -> +2（期望 +2）
  [OK]   不开：投掷 等级 +2 诅咒=false -> +2（期望 +2）
  [OK]   不开：戒指 等级 +2 诅咒=false -> +2（期望 +2）
  [OK]   不开：武器 等级 +3 诅咒=false -> +3（期望 +3）
  [OK]   不开：护甲 等级 +3 诅咒=false -> +3（期望 +3）
  [OK]   不开：法杖 等级 +3 诅咒=false -> +3（期望 +3）
  [OK]   不开：投掷 等级 +3 诅咒=false -> +3（期望 +3）
  [OK]   不开：戒指 等级 +3 诅咒=false -> +3（期望 +3）
  [OK]   不开：武器 等级 +1 诅咒=true -> +1（期望 +1）
  [OK]   不开：护甲 等级 +1 诅咒=true -> +1（期望 +1）
  [OK]   不开：法杖 等级 +1 诅咒=true -> +1（期望 +1）
  [OK]   不开：投掷 等级 +1 诅咒=true -> +1（期望 +1）
  [OK]   不开：戒指 等级 +1 诅咒=true -> +1（期望 +1）
  [OK]   不开：武器 等级 +2 诅咒=true -> +2（期望 +2）
  [OK]   不开：护甲 等级 +2 诅咒=true -> +2（期望 +2）
  [OK]   不开：法杖 等级 +2 诅咒=true -> +2（期望 +2）
  [OK]   不开：投掷 等级 +2 诅咒=true -> +2（期望 +2）
  [OK]   不开：戒指 等级 +2 诅咒=true -> +2（期望 +2）
  [OK]   不开：武器 等级 +3 诅咒=true -> +3（期望 +3）
  [OK]   不开：护甲 等级 +3 诅咒=true -> +3（期望 +3）
  [OK]   不开：法杖 等级 +3 诅咒=true -> +3（期望 +3）
  [OK]   不开：投掷 等级 +3 诅咒=true -> +3（期望 +3）
  [OK]   不开：戒指 等级 +3 诅咒=true -> +3（期望 +3）

--- ② 开 BINAH：真值表 ---
  [OK]   Dungeon.trials=BINAH 时 isTrialled(BINAH) 为 true
  [OK]   开：武器 生成时 +0 诅咒=false -> +0（期望 +0）
  [OK]   开：护甲 生成时 +0 诅咒=false -> +0（期望 +0）
  [OK]   开：法杖 生成时 +0 诅咒=false -> +0（期望 +0）
  [OK]   开：投掷 生成时 +0 诅咒=false -> +0（期望 +0）
  [OK]   开：戒指 生成时 +0 诅咒=false -> +0（期望 +0）
  [INFO] 表格行 +0/诅咒=false 五类实得：武器=+0 护甲=+0 法杖=+0 投掷=+0 戒指=+0
  [OK]   开：武器 生成时 +0 诅咒=true  -> +0（期望 +0）
  [OK]   开：护甲 生成时 +0 诅咒=true  -> +0（期望 +0）
  [OK]   开：法杖 生成时 +0 诅咒=true  -> +0（期望 +0）
  [OK]   开：投掷 生成时 +0 诅咒=true  -> +0（期望 +0）
  [OK]   开：戒指 生成时 +0 诅咒=true  -> +0（期望 +0）
  [INFO] 表格行 +0/诅咒=true 五类实得：武器=+0 护甲=+0 法杖=+0 投掷=+0 戒指=+0
  [OK]   开：武器 生成时 +1 诅咒=false -> +0（期望 +0）
  [OK]   开：护甲 生成时 +1 诅咒=false -> +0（期望 +0）
  [OK]   开：法杖 生成时 +1 诅咒=false -> +0（期望 +0）
  [OK]   开：投掷 生成时 +1 诅咒=false -> +0（期望 +0）
  [OK]   开：戒指 生成时 +1 诅咒=false -> +0（期望 +0）
  [INFO] 表格行 +1/诅咒=false 五类实得：武器=+0 护甲=+0 法杖=+0 投掷=+0 戒指=+0
  [OK]   开：武器 生成时 +2 诅咒=false -> +0（期望 +0）
  [OK]   开：护甲 生成时 +2 诅咒=false -> +0（期望 +0）
  [OK]   开：法杖 生成时 +2 诅咒=false -> +0（期望 +0）
  [OK]   开：投掷 生成时 +2 诅咒=false -> +0（期望 +0）
  [OK]   开：戒指 生成时 +2 诅咒=false -> +0（期望 +0）
  [INFO] 表格行 +2/诅咒=false 五类实得：武器=+0 护甲=+0 法杖=+0 投掷=+0 戒指=+0
  [OK]   开：武器 生成时 +3 诅咒=false -> +0（期望 +0）
  [OK]   开：护甲 生成时 +3 诅咒=false -> +0（期望 +0）
  [OK]   开：法杖 生成时 +3 诅咒=false -> +0（期望 +0）
  [OK]   开：投掷 生成时 +3 诅咒=false -> +0（期望 +0）
  [OK]   开：戒指 生成时 +3 诅咒=false -> +0（期望 +0）
  [INFO] 表格行 +3/诅咒=false 五类实得：武器=+0 护甲=+0 法杖=+0 投掷=+0 戒指=+0
  [OK]   开：武器 生成时 +1 诅咒=true  -> -1（期望 -1）
  [OK]   开：护甲 生成时 +1 诅咒=true  -> -1（期望 -1）
  [OK]   开：法杖 生成时 +1 诅咒=true  -> -1（期望 -1）
  [OK]   开：投掷 生成时 +1 诅咒=true  -> -1（期望 -1）
  [OK]   开：戒指 生成时 +1 诅咒=true  -> -1（期望 -1）
  [INFO] 表格行 +1/诅咒=true 五类实得：武器=-1 护甲=-1 法杖=-1 投掷=-1 戒指=-1
  [OK]   开：武器 生成时 +2 诅咒=true  -> -2（期望 -2）
  [OK]   开：护甲 生成时 +2 诅咒=true  -> -2（期望 -2）
  [OK]   开：法杖 生成时 +2 诅咒=true  -> -2（期望 -2）
  [OK]   开：投掷 生成时 +2 诅咒=true  -> -2（期望 -2）
  [OK]   开：戒指 生成时 +2 诅咒=true  -> -2（期望 -2）
  [INFO] 表格行 +2/诅咒=true 五类实得：武器=-2 护甲=-2 法杖=-2 投掷=-2 戒指=-2
  [OK]   开：武器 生成时 +3 诅咒=true  -> -3（期望 -3）
  [OK]   开：护甲 生成时 +3 诅咒=true  -> -3（期望 -3）
  [OK]   开：法杖 生成时 +3 诅咒=true  -> -3（期望 -3）
  [OK]   开：投掷 生成时 +3 诅咒=true  -> -3（期望 -3）
  [OK]   开：戒指 生成时 +3 诅咒=true  -> -3（期望 -3）
  [INFO] 表格行 +3/诅咒=true 五类实得：武器=-3 护甲=-3 法杖=-3 投掷=-3 戒指=-3
  [OK]   恒等式：诅咒行结果 == -生成时等级；未诅咒行 == 0

--- ③ 法杖派生状态：压到 0 后 maxCharges 必须跟着重算 ---
  [OK]   压平后 maxCharges 回到 initialCharges（5 -> 3，期望 3）
  [OK]   法杖最终等级为 0（实得 0）
  [OK]   curCharges 被夹到 maxCharges 之内（3 <= 3）
  [OK]   诅咒法杖 +3 -> -3（实得 -3）

--- ④ 这是「生成时」规则、不是全局规则 ---
  [OK]   生成时 +3 未诅咒 -> 0
  [OK]   钩子跑完之后再 upgrade(2) -> +2，不会被再夹一次（实得 2）
  [OK]   生成时 +2 诅咒 -> -2
  [OK]   之后再 degrade(1) -> -3（实得 -3）

--- ⑤ 白名单：四种「任务 NPC 赠礼」的压平 ---
  [OK]   小恶魔戒指 +2（诅咒）压平 -> 0（实得 0）
  [OK]   压平**不动**诅咒：仍是诅咒（小恶魔的戒指本就该被诅咒）
  [OK]   幽灵武器 +3 压平 -> 0（实得 0）
  [OK]   制杖人法杖 +1 压平 -> 0（实得 0）
  [OK]   铁匠 +0 压平 -> 0（已是 0 不动，实得 0）
  [OK]   不开 BINAH 时压平是空操作（+2 保持，实得 2）

--- ⑥ 钩子不消耗随机数 ⇒ 关卡种子布局不漂移 ---
  [OK]   同 seed 下两轮随机序列逐位相同（200 个数）
  [INFO] plain[0..2]=2294520226488724177,8461182103689414617,1426567841878798010  hooked[0..2]=2294520226488724177,8461182103689414617,1426567841878798010

--- ⑦ 房间赠品（祭坛 / 墓室）的「因诅咒取负」 ---
  [OK]   房间：武器 加工后 +0（诅咒）-> +0（期望 +0）
  [OK]   房间：护甲 加工后 +0（诅咒）-> +0（期望 +0）
  [OK]   房间：法杖 加工后 +0（诅咒）-> +0（期望 +0）
  [OK]   房间：投掷 加工后 +0（诅咒）-> +0（期望 +0）
  [OK]   房间：戒指 加工后 +0（诅咒）-> +0（期望 +0）
  [INFO] 房间行 +0 五类实得：武器=+0 护甲=+0 法杖=+0 投掷=+0 戒指=+0
  [OK]   房间：武器 加工后 +1（诅咒）-> -1（期望 -1）
  [OK]   房间：护甲 加工后 +1（诅咒）-> -1（期望 -1）
  [OK]   房间：法杖 加工后 +1（诅咒）-> -1（期望 -1）
  [OK]   房间：投掷 加工后 +1（诅咒）-> -1（期望 -1）
  [OK]   房间：戒指 加工后 +1（诅咒）-> -1（期望 -1）
  [INFO] 房间行 +1 五类实得：武器=-1 护甲=-1 法杖=-1 投掷=-1 戒指=-1
  [OK]   房间：武器 加工后 +2（诅咒）-> -2（期望 -2）
  [OK]   房间：护甲 加工后 +2（诅咒）-> -2（期望 -2）
  [OK]   房间：法杖 加工后 +2（诅咒）-> -2（期望 -2）
  [OK]   房间：投掷 加工后 +2（诅咒）-> -2（期望 -2）
  [OK]   房间：戒指 加工后 +2（诅咒）-> -2（期望 -2）
  [INFO] 房间行 +2 五类实得：武器=-2 护甲=-2 法杖=-2 投掷=-2 戒指=-2
  [OK]   房间：武器 加工后 +3（诅咒）-> -3（期望 -3）
  [OK]   房间：护甲 加工后 +3（诅咒）-> -3（期望 -3）
  [OK]   房间：法杖 加工后 +3（诅咒）-> -3（期望 -3）
  [OK]   房间：投掷 加工后 +3（诅咒）-> -3（期望 -3）
  [OK]   房间：戒指 加工后 +3（诅咒）-> -3（期望 -3）
  [INFO] 房间行 +3 五类实得：武器=-3 护甲=-3 法杖=-3 投掷=-3 戒指=-3
  [OK]   房间：武器 加工后 -1（诅咒）-> -1（期望 -1）
  [OK]   房间：护甲 加工后 -1（诅咒）-> -1（期望 -1）
  [OK]   房间：法杖 加工后 -1（诅咒）-> -1（期望 -1）
  [OK]   房间：投掷 加工后 -1（诅咒）-> -1（期望 -1）
  [OK]   房间：戒指 加工后 -1（诅咒）-> -1（期望 -1）
  [INFO] 房间行 -1 五类实得：武器=-1 护甲=-1 法杖=-1 投掷=-1 戒指=-1
  [OK]   房间：武器 加工后 -2（诅咒）-> -2（期望 -2）
  [OK]   房间：护甲 加工后 -2（诅咒）-> -2（期望 -2）
  [OK]   房间：法杖 加工后 -2（诅咒）-> -2（期望 -2）
  [OK]   房间：投掷 加工后 -2（诅咒）-> -2（期望 -2）
  [OK]   房间：戒指 加工后 -2（诅咒）-> -2（期望 -2）
  [INFO] 房间行 -2 五类实得：武器=-2 护甲=-2 法杖=-2 投掷=-2 戒指=-2
  [OK]   房间：武器 加工后 -3（诅咒）-> -3（期望 -3）
  [OK]   房间：护甲 加工后 -3（诅咒）-> -3（期望 -3）
  [OK]   房间：法杖 加工后 -3（诅咒）-> -3（期望 -3）
  [OK]   房间：投掷 加工后 -3（诅咒）-> -3（期望 -3）
  [OK]   房间：戒指 加工后 -3（诅咒）-> -3（期望 -3）
  [INFO] 房间行 -3 五类实得：武器=-3 护甲=-3 法杖=-3 投掷=-3 戒指=-3
  [OK]   ★ 陷阱回归：−1 不得被二次取负成 +1（实得 -1）
  [OK]   curseReverseLevel 保留 −2（实得 -2）
  [OK]   对照：flattenQuestReward 把 −2 抹成 0（实得 0）
  [OK]   不开 BINAH 时取负是空操作（+1 保持，实得 1）
  [OK]   curseReverseLevel(null) 安全返回（未抛异常）

==============================================================
断言 133 条：PASS 133 / FAIL 0
ALL PASS
==============================================================
