==============================================================
考验 CHESED（慈悲）· GEBURA（严厉）行为探针
==============================================================

--- ① CHESED · 敌方生命上限 +25%（真跑 Mob.onAdd 这条链）---
  [OK]   关闭 CHESED：鼠出厂 HT 保持 8（实得 8）
  [OK]   关闭 CHESED：不挂回血计时器
  [OK]   CHESED 开启：8 × 1.25 = 10（实得 10）
  [OK]   以满血入场：HP=10 == HT=10
  [OK]   CHESED 开启：onAdd 挂上了回血计时器
  [OK]   纯函数：40 → 50
  [OK]   纯函数：10 → 13（12.5 四舍五入，不截断）
  [OK]   纯函数：1 → 1（round(1.25)=1）
  [OK]   非敌方（ALLY）不加成：40 保持
  [OK]   关闭 CHESED 时空操作

--- ② CHESED · 每 5 回合回 10% 生命上限，且只在不满血时计时 ---
  [OK]   回血计时器能挂到怪物身上
  [OK]   满血时不计时：6 个回合过去 HP 仍是 100（实得 100）
  [OK]   不满血之后第 4 回合仍未回血（实得 40）
  [OK]   第 5 回合回 10%（100×10%）：40 → 50（实得 50）
  [OK]   回完血重新数 5 回合（再数到第 4 回合仍 50）
  [OK]   第 10 回合再回一次：50 → 60（实得 60）
  [OK]   满血会打断计时：重新数到第 4 回合仍 90（实得 90）
  [OK]   打断后必须重新数满 5 回合才回血：90 + 10 = 100（实得 100）
  [OK]   HT=33 时回 round(3.3)=3 点（实得 3）
  [OK]   回血不超过缺失血量（98 + 2 = 100，实得 100）
  [OK]   关闭 CHESED：不回血（实得 10）
  [OK]   友方/非敌方单位不回血（实得 10）

--- ③ GEBURA · 致死闸门：无敌、不倒、血停在 0 ---
  [OK]   介入之前：HP=0 ⇒ isAlive() 为假（闸门确实问得出来）
  [OK]   豁免门闩已置位（一次性）
  [OK]   挂上了濒死无敌 buff
  [OK]   无敌期间 isAlive() 为真 ⇒ Char.damage 不会紧接着补一次 die()
  [OK]   血量按设计停在 0（空血条）
  [OK]   isActive() 同步为真（回合调度与各类技能判定都要它）
  [OK]   无敌期间 isInvulnerable() 为真 ⇒ 伤害被原版无敌分支吃掉
  [OK]   无敌与伤害来源无关：任何 src 类别都免疫

--- ④ GEBURA · 数满 EXP 个回合才真正倒下，且带着原始致死来源 ---
  [OK]   EXP=5：前 4 个回合仍不倒（实得 die 调用 0 次）
  [OK]   第 4 回合仍算活着
  [OK]   第 5 回合（=EXP）真正倒下一次（实得 1 次）
  [OK]   倒下时用的是**原始致死来源**（击杀归属/经验/掉落口径与原版一致），实得 the-killing-blow
  [OK]   倒下后无敌缓存已清（不会留成幽灵状态）
  [OK]   倒下后 buff 已摘
  [OK]   豁免是一次性的：第二次致死不再救
  [OK]   EXP=7 ⇒ 拿到无敌
  [OK]   EXP=7：第 6 回合仍未倒下
  [OK]   EXP=7：第 7 回合倒下（回合数随 EXP 变）
  [OK]   读档后的无敌 buff 能重新挂上（缓存随之重建）
  [OK]   重新挂上后 Mob.geburaGrace 缓存为真
  [OK]   读档后前 2 回合仍不倒（剩余回合数确实存下来了）

--- ⑤ GEBURA · 门控与「战续让路」---
  [OK]   关闭 GEBURA：完全不介入
  [OK]   英雄盟友 / 中立单位不享受（只认 ENEMY）
  [OK]   EXP=0 ⇒ 0 回合无敌 = 不豁免，正常死亡
  [OK]   狂暴中的同型 stub：HP=0 但 isAlive() 为真（与 Brute 同构）
  [OK]   Brute 同型战续不经过致死闸门 ⇒ GEBURA 不介入，狂暴流程与护盾时长不受影响
  [OK]   声明了 deathIsDeferred 的单位：GEBURA 让路
  [OK]   孤身一人的尸群：deathIsDeferred = false（这次是真死）
  [OK]   孤身尸群：GEBURA 正常豁免（EXP=5 ⇒ 5 回合）
  [OK]   身边有同类：deathIsDeferred = true（会转入倒地待复活）
  [OK]   尸群让路：原版倒地待复活完整保留，GEBURA 一行都不插手

--- ⑥ GEBURA · 豺狼暴徒/装甲暴徒：战续（狂暴护盾）结束后仍能吃无敌 ---
  [OK]   狂暴中：HP=0 但 isAlive() 为真（真 Brute 类跑真 isAlive()，不是 stub）
  [OK]   狂暴期间闸门返回 false（不接管）⇒ 护盾时长与狂暴流程分毫不动
  [OK]   狂暴期间不消耗那唯一一次豁免 ⇒ 豁免留到战续结束后才用
  [OK]   护盾耗尽时 BruteRage 已自行摘除（detachesAtZero）⇒ 无敌期间不会一边无敌一边回盾
  [OK]   战续结束被 GEBURA 接管：没有立即 die(null)（实得 0 次）
  [OK]   豁免门闩此刻才置位（一次性）
  [OK]   战续结束后挂上了濒死无敌
  [OK]   血停在 0 也不倒：isAlive() 为真
  [OK]   血量停在 0（空血条），实得 0
  [OK]   无敌期间照常免疫伤害
  [OK]   EXP=8：前 7 个回合仍不倒（实得 die 调用 0 次）
  [OK]   第 8 回合（=EXP）真正倒下
  [OK]   倒下时沿用原版战续的致死来源口径（null），不臆造击杀归属（实得 null）
  [OK]   倒下后无敌缓存已清（不会留成幽灵状态）
  [OK]   关闭 GEBURA：战续耗尽照原版立即 die(null)、无无敌（原版保真）
  [OK]   装甲暴徒（覆写了 act()、调用点独立）：战续结束同样被 GEBURA 接管
  [OK]   装甲暴徒：护盾已摘、血停在 0 也不倒

--- ⑦ 两个钩子都不消耗随机数 ⇒ 关卡种子布局不漂移 ---
  [OK]   同 seed 下 200 个随机数逐位相同

--- ⑧ GEBURA · 锁血那一击的僵直（2026-09-24 削弱）：刚被打成濒死的那一回合不行动 ---
  [OK]   出厂不带僵直标记（默认不影响任何单位）
  [OK]   没标记时问「本回合要不要僵直」= false（不消费）
  [OK]   锁血发下的同时也置上了僵直标记
  [OK]   僵直与豁免是**两件事**：豁免照旧（挂着 GeburaGrace、血停在 0 也不倒）
  [OK]   第一次问 = true ⇒ 这一回合空过，它不会行动
  [OK]   问过即清 ⇒ 标记已被消费
  [OK]   之后再问都是 false（一次性：不会变成永久眩晕）
  [OK]   空过一个回合之后无敌仍在：豁免的计时照常走，僵直不会延长它
  [OK]   关闭 GEBURA：完全不介入 ⇒ 不置僵直
  [OK]   英雄盟友不吃僵直（只认 ENEMY）
  [OK]   战续耗尽被接管时同样置上僵直（同一闸门、两个调用点，行为一致）
  [OK]   战续路径的僵直也是一次性

==============================================================
断言总数 = 83，失败 = 0
==============================================================
