==============================================================
GEBURA 掉落修复 · 行为探针（幸运附魔 / 财富戒指的额外掉落判定）
==============================================================

--- ① 幸运附魔的 LuckProc 只活到下一个 buff tick（根因）---
  [OK]   刚挂上：LuckProc 在身上（vanilla 就是靠「致死那一击同一调用栈」读到它）
  [OK]   跑过一次 act()：LuckProc 已自行摘掉 ⇒ 只要真正倒下被推迟一个回合以上，就必然读不到它

--- ② 闸门（开 GEBURA）在锁血那一刻抄下凭据 ---
  [OK]   闸门接管了这一击（返回 true）
  [OK]   mob.geburaGrace 为真 ⇒ 不会立刻 die()
  [OK]   mob.geburaStagger 为真（既有削弱行为未受影响）
  [OK]   闸门抄下了 LuckProc 留存（geburaLuckyProc）
  [OK]   抄下的就是**致死那一击身上那个实例**（强度等信息一并留存）
  [OK]   GeburaGrace 已挂上（计时开始）

--- ③ 计时走完之后：live 没了，留存还在 ---
  [OK]   前置：② 段已造出留存（否则本段无意义）
  [OK]   真正倒下那一刻：live 的 LuckProc 已不在（**这就是修复前的原状**）
  [OK]   同一刻：闸门留存仍在 ⇒ Mob.rollToDropLoot 的回落分支必命中

--- ④ 已摘掉的 LuckProc 仍能产出掉落（fix 可行的核心）---
  [OK]   对**已 detach** 的实例再 detach 一次不抛异常（幂等）
  [OK]   genLoot() 真的产出了一件掉落（不是空手返回）
  [INFO] 产出：StoneOfFear ×1

--- ⑤ 关掉 GEBURA：不留存，行为与原版逐字一致 ---
  [OK]   闸门不接管（返回 false ⇒ 调用方照原版落地 die()）
  [OK]   不挂 GeburaGrace
  [OK]   不留存 LuckProc（字段仍是初值）
  [OK]   不留存财富等级（字段仍是初值 ⇒ live 路径逐字不变）
  [OK]   live 的 LuckProc 没被动过

--- ⑥ 闸门不消耗随机数（同一 seed 逐位相同）---
  [OK]   200 个数逐位相同 ⇒ 闸门（含新增的两处抄写）没有引入任何 Random 调用

--- ⑦ 财富等级：抄「致死那一刻」的读数，凭据失效后仍可判 ---
  [OK]   英雄身上挂了 Wealth buff ⇒ live 财富等级 = 1（>0）
  [OK]   闸门接管
  [OK]   抄下的财富等级 == 致死那一刻的 live 读数（1）
  [OK]   摘掉 Wealth buff 之后 live 读数归 0（**推迟期间凭据会变**的现实情形）
  [OK]   留存仍是致死那一刻的旧值 ⇒ 判定不会因为「后来失效」而凭空落空
  [OK]   tryForBonusDrop(hero, 1, 0) 早退 ⇒ 判据取的是**实参**（回落才不会被 live=0 抹掉）
  [OK]   tryForBonusDrop(hero, 1, 留存) 不早退（live 已是 0，靠实参放行）

==============================================================
断言 26 条：通过 26，失败 0（附 INFO 1 条）
全部符合预期
==============================================================
