
① 区域换算与倍率（深度 1..26）
  [OK]   深度→区域 映射正确（1-5/6-10/11-15/16-20/21-25 各一区，升天 26 封顶五区）
  [OK]   倍率 = 1 + 0.10×区域（一区 1.10 …… 五区 1.50）
  [OK]   五区（深度 25）倍率 = 1.50（实测 1.5，期望 1.5）
  [OK]   一区（深度 1）倍率 = 1.10（实测 1.1，期望 1.1）

② 命中 / 闪避倍率的门控
  [OK]   未开考验：敌方命中倍率 = 1（实测 1.0，期望 1.0）
  [OK]   未开考验：敌方闪避倍率 = 1（实测 1.0，期望 1.0）
  [OK]   未开考验：淡化系数 = 1（实测 1.0，期望 1.0）
  [OK]   HOD 开：敌方（二区）命中倍率 = 1.20（实测 1.2，期望 1.2）
  [OK]   HOD 开：英雄（非敌方）命中倍率 = 1（实测 1.0，期望 1.0）
  [OK]   HOD 开：闪避倍率不受影响 = 1（实测 1.0，期望 1.0）
  [OK]   NETZACH 开：敌方（二区）闪避倍率 = 1.20（实测 1.2，期望 1.2）
  [OK]   NETZACH 开：英雄（非敌方）闪避倍率 = 1（实测 1.0，期望 1.0）
  [OK]   NETZACH 开：命中倍率不受影响 = 1（实测 1.0，期望 1.0）
  [OK]   两条同开：命中倍率仍 1.20（实测 1.2，期望 1.2）
  [OK]   两条同开：闪避倍率仍 1.20（实测 1.2，期望 1.2）

③ 取数收口 finalAccuracy / finalEvasion
  [OK]   未开考验：敌方命中取数 = 自身 20（实测 20.0，期望 20.0）
  [OK]   未开考验：英雄闪避取数 = 其自身 defenseSkill（原样不动）（实测 5.0，期望 5.0）
  [OK]   HOD 开：敌方命中取数 = 20 × 1.30 = 26（实测 26.0，期望 26.0）
  [OK]   NETZACH 开：敌方闪避取数 = 10 × 1.30 = 13（实测 13.0，期望 13.0）
  [OK]   NETZACH 开：命中取数不受影响 = 20（实测 20.0，期望 20.0）

④ enemyFade 的距离阈值
  [OK]   距离 0 ⇒ 完全不透明
  [OK]   距离 1 ⇒ 完全不透明（阈值含 1）
  [OK]   距离 2 ⇒ 半透明 0.5
  [OK]   距离 3 ⇒ 半透明 0.5（阈值含 3）
  [OK]   距离 4 ⇒ 完全不可见 0
  [OK]   距离 5 ⇒ 完全不可见 0
  [OK]   切比雪夫 (dx,dy)=(2,2) ⇒ 距离 2 ⇒ 半透明 0.5
  [OK]   切比雪夫 (dx,dy)=(5,0) ⇒ 距离 5 ⇒ 全透明
  [OK]   英雄自身恒 1（不受影响）（实测 1.0，期望 1.0）
  [OK]   未开考验：再远也恒 1（实测 1.0，期望 1.0）

⑤ grantHodElite 的「不可叠加」
  [OK]   未开考验 ⇒ 不发
  [OK]   未开考验 ⇒ 身上没有精英
  [OK]   首次 ⇒ 发下一个精英
  [OK]   身上恰好 1 个精英（实测 1，期望 1）
  [OK]   再次调用 ⇒ 拒绝（不可叠加）
  [OK]   仍是恰好 1 个精英（实测 1，期望 1）
  [OK]   非敌方阵营的怪（盟友）⇒ 不发
  [OK]   null ⇒ 不发
  [OK]   预置 Blazing ⇒ 1 个（实测 1，期望 1）
  [OK]   已有精英（挑战刷的）⇒ HOD 拒绝叠加
  [OK]   仍是 1 个（没变成 2 个）（实测 1，期望 1）

⑥ HodGlory 计时器的边界
  [OK]   HodGlory 的 type 是 POSITIVE（绝不能是 NEGATIVE，否则全图怪物会被惊醒）
  [OK]   普通怪阈值 HOD_ELITE_TURNS = 300
  [OK]   Boss 阈值 HOD_ELITE_TURNS_BOSS = 450
  [OK]   hodEliteTurns(普通怪) = 300
  [OK]   普通怪恰好 300 回合 ⇒ 还不发（需求是「超过 300」）
  [OK]   第 301 回合 ⇒ 发下 1 个精英（实测 1，期望 1）
  [OK]   发完即自摘（本 buff 不再计时）
  [OK]   hodEliteTurns(Boss) = 450（按 Char.Property.BOSS 分流）
  [OK]   Boss 数了 300 回合（＝普通怪阈值）⇒ 仍不发
  [OK]   Boss 恰好 450 回合 ⇒ 还不发（需求是「超过 450」）
  [OK]   第 451 回合 ⇒ Boss 发下 1 个精英（实测 1，期望 1）
  [OK]   Boss 发完即自摘
  [OK]   非敌方阵营空转 400 回合 ⇒ 一次也不发（远超 300 阈值）
  [OK]   回到敌方后只数了 300 回合 ⇒ 仍未发（说明计数确实被清零过）
  [OK]   第 301 回合 ⇒ 发下精英（实测 1，期望 1）
  [OK]   未开考验空转 500 回合 ⇒ 一次也不发

⑦ randomChampionClass 的取值域
  [OK]   600 次抽取恰好覆盖 6 种精英（实测 6，期望 6）
  [OK]   抽出来的都是 ChampionEnemy 的子类
  [OK]   取值域 = 原版六种（Blazing/Projecting/AntiMagic/Giant/Blessed/Growing）

============================================================
全部符合预期（60 条断言）。
============================================================
