==============================================================
「带着标记倒下」击杀判定 · 行为探针（荣耀凯旋 / 指令目标）
==============================================================

--- ① 荣耀凯旋：带标记的怪死亡即触发，且与「谁打死的」无关 ---
  [OK]   前置：怪身上确实带着 AimHeartMark
  [OK]   怪死亡 ⇒ 荣耀凯旋真的回血了（10 → 12，判据已与攻击调用栈解耦）
  [OK]   回血量＝最大生命 × 5% × 天赋点数（20 × 5% × 2 = 2）
  [OK]   die() 走完之后 buff 已被 onRemove 一并摘掉 ⇒ 钩子确实跑在摘 buff **之前**（放后面就永远读不到）
  [OK]   抄存标记被消费成 false（一次性）

--- ② 指令目标：带标志的怪死亡 ⇒ 神谕庇佑触发；不带标志 ⇒ 不触发 ---
  [OK]   前置：怪身上确实带着 InstructionTarget
  [OK]   怪死亡 ⇒ 神谕庇佑（+5 护盾）触发 —— 同样与「谁打死的」无关
  [OK]   对照组：不带 InstructionTarget 的怪死亡 ⇒ **不**给护盾（判据确实是「携带 buff」）
  [OK]   对照组也不该回血（指令目标分支不会连带触发荣耀凯旋）

--- ③ GEBURA 锁血抄存的携带状态：live 没了，回落仍能触发 ---
  [OK]   前置：live 的 AimHeartMark 不在身上
  [OK]   live 取不到时回落到抄存 ⇒ 仍然回血（10 → 12）
  [OK]   抄存用掉即清（不会二次触发）

--- ④ 负向对照：既没有 live buff 也没有抄存 ⇒ 什么都不该发生 ---
  [OK]   不回血（HP 保持 10）
  [OK]   不给护盾

--- ⑤ 闸门（开 GEBURA）在锁血那一刻抄下两个携带状态 ---
  [OK]   闸门接管了这一击（返回 true）
  [OK]   mob.geburaGrace 为真（濒死无敌缓存，既有行为未受影响）
  [OK]   抄存：geburaAimMarked = true
  [OK]   抄存：geburaInstrTarget = true
  [OK]   GeburaGrace 已挂上（计时开始）
  [OK]   关掉 GEBURA：闸门不接管（返回 false）
  [OK]   关掉 GEBURA：抄存字段保持初值（未开启时行为逐字不变）
  [OK]   关掉 GEBURA：不进入濒死无敌

--- ⑥ 闸门的两次 buff 读取不碰随机数 ---
  [OK]   同一 seed 下 200 个随机数逐位相同（穿插 20 次闸门调用）

==============================================================
断言 23 条：通过 23，失败 0（另有 0 条环境说明）
==============================================================
