==============================================================
水晶任务矿洞层「虚空地形」· 行为探针（carveVoid / handlesChasmFall）
==============================================================

--- ① handlesChasmFall() 只在水晶任务为真 ---
  [OK]   水晶任务（CRYSTAL=1）⇒ 本层自理落坑（true）
  [OK]   矮人任务（GNOLL=2）⇒ 交给原版换层（false）
  [OK]   真菌任务（FUNGI=3）⇒ false
  [OK]   未开始任务（type=0）⇒ false
  [OK]   基类 Level 默认 false ⇒ 其它所有层行为逐字不变

--- ② carveVoid 的地形不变量（20 个随机采样）---
  [OK]   只在原 EMPTY/EMPTY_DECO 上挖；墙体/矿脉/水面一格未动（违规 0 格）
  [OK]   贴着房间内墙的那一圈（偏移 1）永远是地板 ⇒ 沿墙走不会掉下去、不封死门口（违规 0 格）
  [OK]   20 个采样每个都真的挖出了虚空（空挖 0 次；规模 10~28 格，共 415 格）
  [OK]   整块圆盘都夹在深内区 [4,15]² 内（越界 0 格）
  [OK]   每个深渊格与房间内墙都至少隔 1 格（贴墙 0 格）
  [OK]   干净地板上 30 次采样都是一整块（多块 0 次、空挖 0 次）⇒ 外圈的孤立格确实被收回了

--- ③ 关键单位（protectedCell）及其八邻格保持地板 ---
  [OK]   10 次采样里保护格及其八邻格一次都没被挖（违规 0 格）
  [OK]   同时仍然挖出了虚空（共 221 格）⇒ 不是「因为保护而干脆不挖」

--- ④ 深内区全是墙体 ⇒ 一格都不动 ---
  [OK]   没有可挖的地板 ⇒ map[] 逐格不变（不产生半截挖掘）

--- ⑤ 小房间：深内区为空 ⇒ 退出；深内区仅 2×2 ⇒ 只挖在里面 ---
  [OK]   深内区为空的房间不抛异常
  [OK]   深内区为空的房间地形一格未动（改动 0 格）
  [OK]   深内区仅 2×2 时仍挖出虚空（2 格）且一格不越界（越界 0 格）
  [OK]   且这 2×2 场景下也是一整块（1 块）

--- ⑥ ⭐ 只写 map[] 安全的前提：buildFlagMaps() 会把 pit[]/passable[] 重算回来 ---
  [OK]   前置：确实挖出了虚空（16 格 ⇒ 这是本段的前提）
  [OK]   ⚠️ 未调 buildFlagMaps() 时深渊格的 pit[] 全是 false（0/16）⇒ 幽灵格风险**真实存在**，这正是必须有下面这一步的原因
  [OK]   buildFlagMaps() 之后每个深渊格 pit[] 都为 true（16/16）⇒ 踩上去会触发 Chasm.heroFall
  [OK]   且每个深渊格 passable[] 都为 false（16/16）
  [OK]   普通地板一格都没被误标成 pit（240/240）
  [OK]   全图 pit[] 与 Terrain.flags[map[i]] 逐格一致（不符 0 格）

--- ⑦ 同 seed ⇒ 虚空形态逐格相同 ---
  [OK]   同一 seed 下两次 carveVoid 的 map[] 逐格相同（共 21 格虚空）

--- ⑧ 虚空不把房间切成孤岛（从门口内侧那一格出发能走遍所有非墙非深渊格）---
  [OK]   15 次采样里地板全连通、一个孤岛都没有（最差一次漏 0 格）⇒ 房间不会被虚空切成两半

==============================================================
断言 26 条：通过 26，失败 0（另有 0 条环境说明）
==============================================================
