
① 未知贴图常量与取样矩形
  [OK]   UNKNOWN_ITEM == 31（= xy(16,2)，第2行第16列）（实测 31，期望 31）
  [OK]   取样矩形宽 = 10（实测 10.0，期望 10.0）
  [OK]   取样矩形高 = 15（实测 15.000001，期望 15.0）
  [OK]   邻位 GEO_BOULDER（占 28）与 31 不冲突（实测 28，期望 28）
  [OK]   下一行 CONTAINERS = xy(1,3) = 32，CHEST = +4 = 36（29/30/31 是空号）（实测 36，期望 36）

② naturalIdDisabled() 门控
  [OK]   未开考验 ⇒ false
  [OK]   只开 NETZACH ⇒ false（各考验互不牵连）
  [OK]   开 YESOD ⇒ true
  [OK]   YESOD 与其它考验同时开 ⇒ 仍 true

③ hidesGroundHeap() 真值表
  [OK]   关掉考验 ⇒ 任何堆都不隐藏（不改变旧版表现）
  [OK]   null 堆 ⇒ false（不 NPE）
  [OK]   YESOD 开：普通掉落堆 HEAP ⇒ 隐藏
  [OK]   YESOD 开：商店货架 FOR_SALE ⇒ 隐藏（用户确认）
  [OK]   YESOD 开：宝箱 CHEST ⇒ 隐藏（2026-09-26 用户追加）
  [OK]   YESOD 开：上锁宝箱 ⇒ 隐藏
  [OK]   YESOD 开：水晶宝箱 ⇒ 隐藏
  [OK]   YESOD 开：坟墓 TOMB ⇒ 隐藏
  [OK]   YESOD 开：骷髅堆 SKELETON ⇒ 隐藏
  [OK]   YESOD 开：英雄遗骸 REMAINS ⇒ 隐藏
  [OK]   YESOD 开：空堆 ⇒ 不隐藏（无物品可藏）
  [OK]   上面枚举的 8 个堆覆盖了 Heap.Type 的全部 8 种取值
  [OK]   YESOD 开：8 种类型**无一遗漏**（漏掉的是「」）
  [OK]   YESOD 开：地上的金币堆 ⇒ 也隐藏（用户确认）

④ Heap.title() 隐名（依赖 Messages，见文件头）
  [INFO] 本段在脱离游戏的环境下跑不了（不记 FAIL）：java.lang.ExceptionInInitializerError

⑤ 未知描述文本（依赖 Messages，见文件头）
  [INFO] 本段在脱离游戏的环境下跑不了（不记 FAIL）：java.lang.NoClassDefFoundError: Could not initialize class com.shatteredpixel.shatteredpixeldungeon.messages.Messages

⑥ NETZACH 淡出阈值（1 格 / 3 格）
  [OK]   关掉考验 ⇒ 所有距离都不淡化
  [OK]   距离 1 格 ⇒ 1.0（完全不透明）（实测 1.0，期望 1.0）
  [OK]   距离 2 格 ⇒ 0.5（半透明）（实测 0.5，期望 0.5）
  [OK]   距离 3 格 ⇒ 0.5（半透明）（实测 0.5，期望 0.5）
  [OK]   距离 4 格 ⇒ 0.0（完全不可见）（实测 0.0，期望 0.0）
  [OK]   距离 5 格 ⇒ 0.0（实测 0.0，期望 0.0）
  [OK]   常量 NETZACH_FADE_NEAR == 1（实测 1，期望 1）
  [OK]   常量 NETZACH_FADE_FAR == 3（实测 3，期望 3）
  [OK]   英雄自己恒 1.0（实测 1.0，期望 1.0）
  [OK]   盟友（非敌方）恒 1.0（实测 1.0，期望 1.0）
  [OK]   YESOD 同时开不影响 NETZACH 的阈值（实测 0.5，期望 0.5）

⑦ 鉴定闸门实跑（Weapon.proc 数满）
  [OK]   前置：新武器本来未鉴定
  [OK]   YESOD 开：武器用够次数后**没有**被自动鉴定
  [OK]   YESOD 开：只被标记为「用够了」（readyToIdentify）
  [OK]   YESOD 开：levelKnown 仍为 false（等级未泄露）
  [OK]   对照：关掉 YESOD 后同一条路径确实走进了 identify()（headless 由 levelKnown 旁证；异常 java.lang.NoClassDefFoundError: Could not initialize class com.shatteredpixel.shatteredpixeldungeon.messages.Messages）

== YesodProbe 结果：OK 39 / FAIL 0（断言共 39；另有 2 个软段因环境限制跳过）==
